
[7m[1m[36m RUN [39m[22m[27m [36mv0.34.6[39m [90mE:/My Projects/lifesync[39m

[90mstdout[2m | packages/api-sdk/verify_flow.test.ts[2m > [22m[2mBackend-First Scoring Flow (Canonical Contract)[2m > [22m[2mshould fallback to Local Engine and produce Canonical Response[22m[39m
DEBUG ERROR: {
  isAxiosError: [33mtrue[39m,
  code: [32m'ERR_NETWORK'[39m,
  message: [32m'Network Error'[39m,
  response: [90mundefined[39m
}
DEBUG isAxiosError check: [33mtrue[39m
Γ£à Generated offline score (Canonical): INTJ

 [33mΓ¥»[39m packages/api-sdk/verify_flow.test.ts [2m ([22m[2m3 tests[22m [2m|[22m [31m1 failed[39m[2m)[22m[90m 16[2mms[22m[39m
[31m   [33mΓ¥»[31m packages/api-sdk/verify_flow.test.ts[2m > [22mBackend-First Scoring Flow (Canonical Contract)[2m > [22mshould fallback to Local Engine and produce Canonical Response[39m
[31m     ΓåÆ Cannot connect to backend API at https://lifesync-production.up.railway.app. Please ensure the backend server is running on port 5174.[39m

[2m Test Files [22m [1m[31m1 failed[39m[22m[90m (1)[39m
[2m      Tests [22m [1m[31m1 failed[39m[22m[2m | [22m[1m[32m2 passed[39m[22m[90m (3)[39m
[2m   Start at [22m 00:06:20
[2m   Duration [22m 731ms[2m (transform 237ms, setup 0ms, collect 271ms, tests 16ms, environment 0ms, prepare 131ms)[22m

